// Jest Snapshot v1, https://goo.gl/fbAQLP

exports[`ConfigProvider componentConfig.Breadcrumb default 1`] = `
<div
  class="arco-breadcrumb"
/>
`;

exports[`ConfigProvider componentConfig.Breadcrumb set className globally 1`] = `
<div
  class="arco-breadcrumb global-default-class"
/>
`;

exports[`ConfigProvider componentConfig.Breadcrumb set className globally and component set className itself. 1`] = `
<div
  class="arco-breadcrumb component-class"
/>
`;
